{
    "__main__": {
        "description": "archive search for 'Content'",
        "options": {
            "search_type": "dfs_query_then_fetch",
            "timeout": "20s"
        },
        "params": {
            "search_type": "dfs_query_then_fetch",
            "timeout": "20s"
        },
        "path": "wiki_archive\/_search",
        "query": {
            "_source": [
                "namespace",
                "namespace_text",
                "title",
                "wiki"
            ],
            "query": {
                "bool": {
                    "filter": [
                        {
                            "terms": {
                                "namespace": [
                                    12
                                ]
                            }
                        }
                    ],
                    "minimum_should_match": 1,
                    "should": [
                        {
                            "match": {
                                "title.plain": {
                                    "fuzziness": "AUTO",
                                    "operator": "AND",
                                    "query": "Content"
                                }
                            }
                        },
                        {
                            "multi_match": {
                                "fields": [
                                    "title.near_match^100",
                                    "title.near_match_asciifolding^75",
                                    "title.plain^50",
                                    "title^25"
                                ],
                                "operator": "AND",
                                "query": "Content",
                                "tie_breaker": 0,
                                "type": "best_fields"
                            }
                        }
                    ]
                }
            },
            "size": 20,
            "stats": [
                "archive"
            ],
            "stored_fields": [],
            "track_total_hits": true
        }
    }
}